ClassDecl (name: Main, superClass: Object)
| MethodDecl (argumentNames: [], argumentTypes: [], name: main, returnType: void)
| | Seq ()
| | | VarDecl (name: r1, type: int)
| | | VarDecl (name: r2, type: int)
| | | VarDecl (name: r3, type: int)
| | | VarDecl (name: r4, type: int)
| | | VarDecl (name: i0, type: int)
| | | VarDecl (name: i1, type: int)
| | | VarDecl (name: i2, type: int)
| | | VarDecl (name: i3, type: int)
| | | VarDecl (name: i4, type: int)
| | Seq ()
| | | Assign ()
| | | | Var (name: i0)
| | | | IntConst (value: 5)
| | | Assign ()
| | | | Var (name: i1)
| | | | BuiltInRead ()
| | | Assign ()
| | | | Var (name: i2)
| | | | BuiltInRead ()
| | | Assign ()
| | | | Var (name: i3)
| | | | UnaryOp (operator: U_MINUS)
| | | | | IntConst (value: 7)
| | | Assign ()
| | | | Var (name: r1)
| | | | BinaryOp (operator: B_DIV)
| | | | | Var (name: i2)
| | | | | IntConst (value: 2)
| | | BuiltInWrite ()
| | | | UnaryOp (operator: U_MINUS)
| | | | | BinaryOp (operator: B_MOD)
| | | | | | Var (name: r1)
| | | | | | IntConst (value: 2)
| | | BuiltInWriteln ()
| | | Assign ()
| | | | Var (name: i4)
| | | | BuiltInRead ()
| | | Assign ()
| | | | Var (name: r2)
| | | | BinaryOp (operator: B_DIV)
| | | | | Var (name: r1)
| | | | | Var (name: i3)
| | | BuiltInWrite ()
| | | | BinaryOp (operator: B_TIMES)
| | | | | Var (name: r2)
| | | | | IntConst (value: 12)
| | | BuiltInWrite ()
| | | | Var (name: i4)
| | | BuiltInWriteln ()
| | | Assign ()
| | | | Var (name: r3)
| | | | BinaryOp (operator: B_MINUS)
| | | | | IntConst (value: 1)
| | | | | BinaryOp (operator: B_MOD)
| | | | | | IntConst (value: 3)
| | | | | | BinaryOp (operator: B_DIV)
| | | | | | | IntConst (value: 37)
| | | | | | | BinaryOp (operator: B_PLUS)
| | | | | | | | BinaryOp (operator: B_TIMES)
| | | | | | | | | IntConst (value: 5)
| | | | | | | | | Var (name: i3)
| | | | | | | | IntConst (value: 2)
| | | Assign ()
| | | | Var (name: r4)
| | | | Var (name: r3)
| | | BuiltInWrite ()
| | | | BinaryOp (operator: B_PLUS)
| | | | | BinaryOp (operator: B_MINUS)
| | | | | | BinaryOp (operator: B_MOD)
| | | | | | | BinaryOp (operator: B_TIMES)
| | | | | | | | Var (name: r4)
| | | | | | | | IntConst (value: 10)
| | | | | | | Var (name: i4)
| | | | | | IntConst (value: 2)
| | | | | BinaryOp (operator: B_DIV)
| | | | | | BinaryOp (operator: B_TIMES)
| | | | | | | IntConst (value: 2)
| | | | | | | IntConst (value: 5)
| | | | | | UnaryOp (operator: U_MINUS)
| | | | | | | Var (name: i1)
| | | BuiltInWriteln ()
