ClassDecl (name: Main, superClass: Object)
| MethodDecl (argumentNames: [], argumentTypes: [], name: main, returnType: void)
| | Seq ()
| | | VarDecl (name: i1, type: int[])
| | | VarDecl (name: b, type: boolean)
| | Seq ()
| | | Assign ()
| | | | Var (name: i1)
| | | | NewArray (typeName: int[])
| | | | | Var (name: b)
