ClassDecl (name: Main, superClass: Object)
| MethodDecl (argumentNames: [], argumentTypes: [], name: main, returnType: void)
| | Seq ()
| | Seq ()
ClassDecl (name: Woo, superClass: Object)
| VarDecl (name: i1, type: boolean)
ClassDecl (name: Moo, superClass: Woo)
| VarDecl (name: i1, type: int)
ClassDecl (name: Boo, superClass: Object)
| VarDecl (name: woo, type: Woo)
| VarDecl (name: woo, type: Moo)
