ClassDecl (name: Main, superClass: Object)
| MethodDecl (argumentNames: [], argumentTypes: [], name: main, returnType: void)
| | Seq ()
| | Seq ()
| | | IfElse ()
| | | | BinaryOp (operator: B_DIV)
| | | | | IntConst (value: 84)
| | | | | IntConst (value: 2)
| | | | Seq ()
| | | | | BuiltInWrite ()
| | | | | | IntConst (value: 1)
| | | | | BuiltInWriteln ()
| | | | Nop ()
| | | BuiltInWrite ()
| | | | IntConst (value: 2)
| | | BuiltInWriteln ()
