ClassDecl (name: Main, superClass: Object)
| VarDecl (name: i2, type: int)
| MethodDecl (argumentNames: [], argumentTypes: [], name: main, returnType: void)
| | Seq ()
| | | VarDecl (name: moo, type: Moo)
| | Seq ()
| | | Assign ()
| | | | Var (name: i2)
| | | | MethodCallExpr (methodName: method)
| | | | | Var (name: moo)
ClassDecl (name: Woo, superClass: Object)
| VarDecl (name: i3, type: int)
| MethodDecl (argumentNames: [], argumentTypes: [], name: method, returnType: int)
| | Seq ()
| | Seq ()
| | | Assign ()
| | | | Var (name: i3)
| | | | IntConst (value: 1)
ClassDecl (name: Moo, superClass: Woo)
