ClassDecl (name: A, superClass: Object)
| VarDecl (name: foo, type: int)
ClassDecl (name: B, superClass: A)
| VarDecl (name: bar, type: int)
ClassDecl (name: Main, superClass: Object)
| MethodDecl (argumentNames: [], argumentTypes: [], name: main, returnType: void)
| | Seq ()
| | | VarDecl (name: a, type: A)
| | | VarDecl (name: b, type: B)
| | Seq ()
| | | Assign ()
| | | | Var (name: a)
| | | | NewObject (typeName: A)
| | | Assign ()
| | | | Field (fieldName: foo)
| | | | | Var (name: a)
| | | | IntConst (value: 1)
| | | BuiltInWrite ()
| | | | Field (fieldName: foo)
| | | | | Var (name: a)
| | | Assign ()
| | | | Var (name: a)
| | | | NewObject (typeName: B)
| | | Assign ()
| | | | Field (fieldName: foo)
| | | | | Var (name: a)
| | | | IntConst (value: 2)
| | | BuiltInWrite ()
| | | | Field (fieldName: foo)
| | | | | Var (name: a)
| | | Assign ()
| | | | Var (name: b)
| | | | NewObject (typeName: B)
| | | Assign ()
| | | | Field (fieldName: foo)
| | | | | Var (name: b)
| | | | IntConst (value: 3)
| | | Assign ()
| | | | Field (fieldName: bar)
| | | | | Var (name: b)
| | | | IntConst (value: 4)
| | | BuiltInWrite ()
| | | | Field (fieldName: foo)
| | | | | Var (name: b)
| | | BuiltInWrite ()
| | | | Field (fieldName: bar)
| | | | | Var (name: b)
