ClassDecl (name: Main, superClass: Object)
| VarDecl (name: i2, type: int)
| MethodDecl (argumentNames: [], argumentTypes: [], name: main, returnType: void)
| | Seq ()
| | | VarDecl (name: woo, type: Woo)
| | | VarDecl (name: foo, type: Foo)
| | | VarDecl (name: i3, type: int[])
| | Seq ()
| | | Assign ()
| | | | Var (name: woo)
| | | | Field (fieldName: field)
| | | | | Var (name: i3)
ClassDecl (name: Woo, superClass: Object)
ClassDecl (name: Moo, superClass: Object)
ClassDecl (name: Foo, superClass: Moo)
