ClassDecl (name: Main, superClass: Object)
| VarDecl (name: i2, type: int)
| MethodDecl (argumentNames: [], argumentTypes: [], name: main, returnType: void)
| | Seq ()
| | Seq ()
| | | Assign ()
| | | | Var (name: i3)
| | | | IntConst (value: 1)
ClassDecl (name: Woo, superClass: Object)
| VarDecl (name: i3, type: int)
