ClassDecl (name: Main, superClass: Object)
| VarDecl (name: i2, type: int)
| MethodDecl (argumentNames: [], argumentTypes: [], name: main, returnType: void)
| | Seq ()
| | | VarDecl (name: moo, type: Moo)
| | | VarDecl (name: moo1, type: Moo)
| | | VarDecl (name: moo2, type: Moo)
| | | VarDecl (name: i1, type: int)
| | Seq ()
| | | Assign ()
| | | | Var (name: i1)
| | | | MethodCallExpr (methodName: method)
| | | | | Var (name: moo)
| | | | | Var (name: moo1)
ClassDecl (name: Woo, superClass: Object)
| MethodDecl (argumentNames: [moo, moo2], argumentTypes: [Moo, Moo], name: method, returnType: int)
| | Seq ()
| | Seq ()
| | | ReturnStmt ()
| | | | IntConst (value: 1)
ClassDecl (name: Moo, superClass: Object)
ClassDecl (name: Foo, superClass: Moo)
