ClassDecl (name: Main, superClass: Object)
| MethodDecl (argumentNames: [], argumentTypes: [], name: main, returnType: void)
| | Seq ()
| | Seq ()
ClassDecl (name: Woo, superClass: Object)
| MethodDecl (argumentNames: [b, moo, i], argumentTypes: [boolean, Moo, int], name: method, returnType: int)
| | Seq ()
| | Seq ()
| | | ReturnStmt ()
| | | | IntConst (value: 1)
ClassDecl (name: Foo, superClass: Woo)
| MethodDecl (argumentNames: [boo, moomoo, i1], argumentTypes: [boolean, Moo, int], name: method, returnType: int)
| | Seq ()
| | Seq ()
| | | ReturnStmt ()
| | | | Var (name: i1)
ClassDecl (name: Moo, superClass: Object)
