ClassDecl (name: Main, superClass: Object)
| MethodDecl (argumentNames: [], argumentTypes: [], name: main, returnType: void)
| | Seq ()
| | Seq ()
ClassDecl (name: Woo, superClass: Object)
| MethodDecl (argumentNames: [i1, boo], argumentTypes: [int, boolean], name: foo, returnType: void)
| | Seq ()
| | Seq ()
| | | Assign ()
| | | | Var (name: i1)
| | | | IntConst (value: 50)
