ClassDecl (name: Main, superClass: Object)
| MethodDecl (argumentNames: [], argumentTypes: [], name: main, returnType: void)
| | Seq ()
| | | VarDecl (name: b, type: A[])
| | | VarDecl (name: c, type: A)
| | Seq ()
| | | Assign ()
| | | | Var (name: b)
| | | | MethodCallExpr (methodName: method)
| | | | | Var (name: c)
| | | Assign ()
| | | | Var (name: c)
| | | | Index ()
| | | | | Var (name: b)
| | | | | IntConst (value: 1)
ClassDecl (name: A, superClass: Object)
| MethodDecl (argumentNames: [], argumentTypes: [], name: method, returnType: A[])
| | Seq ()
| | | VarDecl (name: a, type: A[])
| | Seq ()
| | | Assign ()
| | | | Var (name: a)
| | | | NewArray (typeName: A[])
| | | | | IntConst (value: 2)
| | | ReturnStmt ()
| | | | Var (name: a)
