ClassDecl (name: Main, superClass: Object)
| MethodDecl (argumentNames: [], argumentTypes: [], name: main, returnType: void)
| | Seq ()
| | | VarDecl (name: b, type: A[])
| | | VarDecl (name: c, type: A)
| | | VarDecl (name: x, type: int)
| | Seq ()
| | | Assign ()
| | | | Var (name: x)
| | | | IntConst (value: 0)
| | | Assign ()
| | | | Var (name: c)
| | | | NullConst ()
| | | IfElse ()
| | | | BinaryOp (operator: B_LESS_OR_EQUAL)
| | | | | Var (name: x)
| | | | | IntConst (value: 0)
| | | | Seq ()
| | | | | Assign ()
| | | | | | Var (name: c)
| | | | | | NewObject (typeName: A)
| | | | | Assign ()
| | | | | | Var (name: b)
| | | | | | NullConst ()
| | | | | Assign ()
| | | | | | Var (name: b)
| | | | | | MethodCallExpr (methodName: method)
| | | | | | | Var (name: c)
| | | | Seq ()
| | | | | Assign ()
| | | | | | Var (name: b)
| | | | | | NewArray (typeName: A[])
| | | | | | | IntConst (value: 3)
| | | Assign ()
| | | | Var (name: c)
| | | | Index ()
| | | | | Var (name: b)
| | | | | IntConst (value: 1)
ClassDecl (name: A, superClass: Object)
| MethodDecl (argumentNames: [], argumentTypes: [], name: method, returnType: A[])
| | Seq ()
| | | VarDecl (name: a, type: A[])
| | Seq ()
| | | Assign ()
| | | | Var (name: a)
| | | | NewArray (typeName: A[])
| | | | | IntConst (value: 2)
| | | ReturnStmt ()
| | | | Var (name: a)
