ClassDecl (name: Main, superClass: Object)
| MethodDecl (argumentNames: [], argumentTypes: [], name: main, returnType: void)
| | Seq ()
| | | VarDecl (name: c, type: A)
| | | VarDecl (name: d, type: A)
| | Seq ()
| | | Assign ()
| | | | Var (name: c)
| | | | NewObject (typeName: A)
| | | Assign ()
| | | | Var (name: d)
| | | | MethodCallExpr (methodName: method)
| | | | | ThisRef ()
| | | | | Var (name: c)
| MethodDecl (argumentNames: [b], argumentTypes: [A], name: method, returnType: A)
| | Seq ()
| | | VarDecl (name: a, type: A)
| | Seq ()
| | | Assign ()
| | | | Var (name: a)
| | | | Var (name: b)
| | | ReturnStmt ()
| | | | Var (name: a)
ClassDecl (name: A, superClass: Object)
