ClassDecl (name: Main, superClass: Object)
| MethodDecl (argumentNames: [], argumentTypes: [], name: main, returnType: void)
| | Seq ()
| | | VarDecl (name: x, type: int)
| | | VarDecl (name: a, type: Main)
| | | VarDecl (name: b, type: Main)
| | | VarDecl (name: c, type: Main)
| | Seq ()
| | | Assign ()
| | | | Var (name: c)
| | | | NewObject (typeName: Main)
| | | Assign ()
| | | | Var (name: x)
| | | | IntConst (value: 1)
| | | Assign ()
| | | | Var (name: b)
| | | | NullConst ()
| | | IfElse ()
| | | | BinaryOp (operator: B_GREATER_THAN)
| | | | | Var (name: x)
| | | | | IntConst (value: 0)
| | | | Seq ()
| | | | | Assign ()
| | | | | | Var (name: a)
| | | | | | NewObject (typeName: Main)
| | | | Seq ()
| | | | | Assign ()
| | | | | | Var (name: a)
| | | | | | Var (name: c)
| | | Assign ()
| | | | Var (name: b)
| | | | Var (name: a)
