ClassDecl (name: Main, superClass: Object)
| MethodDecl (argumentNames: [], argumentTypes: [], name: main, returnType: void)
| | Seq ()
| | | VarDecl (name: b, type: A)
| | | VarDecl (name: c, type: A)
| | Seq ()
| | | Assign ()
| | | | Var (name: b)
| | | | MethodCallExpr (methodName: method)
| | | | | Var (name: c)
ClassDecl (name: A, superClass: Object)
| MethodDecl (argumentNames: [], argumentTypes: [], name: method, returnType: A)
| | Seq ()
| | | VarDecl (name: a, type: A)
| | Seq ()
| | | Assign ()
| | | | Var (name: a)
| | | | NewObject (typeName: A)
| | | ReturnStmt ()
| | | | Var (name: a)
