ClassDecl (name: Main, superClass: Object)
| MethodDecl (argumentNames: [], argumentTypes: [], name: main, returnType: void)
| | Seq ()
| | Seq ()
| MethodDecl (argumentNames: [r1, r2], argumentTypes: [Record, Record], name: swap, returnType: void)
| | Seq ()
| | | VarDecl (name: temp, type: int)
| | Seq ()
| | | Assign ()
| | | | Var (name: temp)
| | | | Field (fieldName: a)
| | | | | Var (name: r1)
| | | Assign ()
| | | | Field (fieldName: a)
| | | | | Var (name: r1)
| | | | Field (fieldName: a)
| | | | | Var (name: r2)
| | | Assign ()
| | | | Field (fieldName: a)
| | | | | Var (name: r2)
| | | | Var (name: temp)
ClassDecl (name: Record, superClass: Object)
| VarDecl (name: a, type: int)
