ClassDecl (name: Main, superClass: Object)
| MethodDecl (argumentNames: [], argumentTypes: [], name: main, returnType: void)
| | Seq ()
| | | VarDecl (name: a, type: Main)
| | | VarDecl (name: b, type: Main)
| | Seq ()
| | | Assign ()
| | | | Var (name: b)
| | | | Var (name: a)
| | | Assign ()
| | | | Var (name: a)
| | | | NewObject (typeName: Main)
