ClassDecl (name: Main, superClass: Object)
| MethodDecl (argumentNames: [], argumentTypes: [], name: main, returnType: void)
| | Seq ()
| | | VarDecl (name: a, type: A)
| | | VarDecl (name: b, type: A)
| | | VarDecl (name: x, type: int)
| | Seq ()
| | | Assign ()
| | | | Var (name: x)
| | | | IntConst (value: 3)
| | | Assign ()
| | | | Var (name: b)
| | | | NewObject (typeName: A)
| | | WhileLoop ()
| | | | BinaryOp (operator: B_GREATER_OR_EQUAL)
| | | | | Var (name: x)
| | | | | IntConst (value: 0)
| | | | Seq ()
| | | | | Assign ()
| | | | | | Var (name: a)
| | | | | | Var (name: b)
| | | | | Assign ()
| | | | | | Var (name: x)
| | | | | | BinaryOp (operator: B_MINUS)
| | | | | | | Var (name: x)
| | | | | | | IntConst (value: 1)
ClassDecl (name: A, superClass: Object)
